// Jest Snapshot v1, https://goo.gl/fbAQLP

exports[`Tip renders correctly 1`] = `
<div>
  <script type='text/javascript' src='https://storage.ko-fi.com/cdn/widget/Widget_2.js'></script>
  <script type='text/javascript'>kofiwidget2.init('Tip Me', '#008080', 'M4M5OEAR');kofiwidget2.draw();</script>
</div>
`;
