// Jest Snapshot v1, https://goo.gl/fbAQLP

exports[`Menu renders correctly 1`] = `
<nav
  className="menu"
>
  <ul
    className="menu__list"
  >
    <li
      className="menu__list-item"
    >
      <Link
        activeClassName="menu__list-item-link--active"
        className="menu__list-item-link"
        to="/#0/"
      >
        Item 0
      </Link>
    </li>
    <li
      className="menu__list-item"
    >
      <Link
        activeClassName="menu__list-item-link--active"
        className="menu__list-item-link"
        to="/#1/"
      >
        Item 1
      </Link>
    </li>
  </ul>
  <a
    activeClassName="menu__list-item-link--active"
    className="menu__list-item-link"
    href="https://code.stanmd.tk"
    target="_blank"
  >
    Open Source
  </a>
</nav>
`;
